<body>
<div alt="article"><p>Lorem ipsum dolor sit ametLorem ipsum dolor sit ametLorem ipsum dolor sit ametLorem ipsum dolor
    sit ametLorem ipsum dolor sit ametLorem ipsum dolor sit amet</p>
    <p>Lorem ipsum dolor sit ametLorem ipsum dolor sit ametLorem ipsum dolor sit ametLorem ipsum dolor sit ametLorem
        ipsum dolor sit ametLorem ipsum dolor sit amet</p>

    <a href="#img1.png">link</a>
    <a href="http://localhost/img1.png">link</a> <a href="http://localhost/img1.png">link</a>
    <a href="http://localhost/../img1.png">link</a> <a href="http://localhost/../../../img1.png">link</a>
    <a href="http://localhost/img1.png">link</a> <a href="https://localhost/img1.png">link</a>
    <a href="http://localhost/https:/localhost/img1.png">link</a>
    <a href="http://localhost/https:/localhost/img1.png">link</a>

    <a href="http://localhost/:/localhost/img1.png">link</a>
    <a href="http://localhost/@tel/localhost/img1.png">link</a>

    <a href="tel:1-408-555-5555">tel</a>
    <a href="#">tel</a>
    <a href="tel:0000000000000">tel</a>
    <a href="tel:+++++++------()">tel</a>
    <a href="mailto:email@test.com?subject=SweetWords">email</a>
    <a href="mailto:email@test.com">email</a>
    <a href="#">email</a></div>
</body>