<body>
<div alt="article"><p>Lorem ipsum dolor sit ametLorem ipsum dolor sit ametLorem ipsum dolor sit ametLorem ipsum dolor
    sit ametLorem ipsum dolor sit ametLorem ipsum dolor sit amet</p>
    <p>Lorem ipsum dolor sit ametLorem ipsum dolor sit ametLorem ipsum dolor sit ametLorem ipsum dolor sit ametLorem
        ipsum dolor sit ametLorem ipsum dolor sit amet</p>

    <img src="http://localhost/img1.png">
    <img src="http://localhost/img1.png">
    <img src="http://localhost/img1.png">
    <img src="https://localhost/img1.png">
</div>
</body>